exports[`test renders tasks list 1`] = `
<div
  className="TaskList" />
`;
